// Jest Snapshot v1, https://goo.gl/fbAQLP

exports[`react snapshot 1`] = `
<div>
  Demo
</div>
`;
